  console.warn
    Evolution API credentials not found in environment variables.

    [0m [90m  5 |[39m
     [90m  6 |[39m [36mif[39m ([33m![39m[33mEVO_API_URL[39m [33m||[39m [33m![39m[33mEVO_API_KEY[39m) {
    [31m[1m>[22m[39m[90m  7 |[39m     console[33m.[39mwarn([32m'Evolution API credentials not found in environment variables.'[39m)
     [90m    |[39m             [31m[1m^[22m[39m
     [90m  8 |[39m }
     [90m  9 |[39m
     [90m 10 |[39m [36mconst[39m api [33m=[39m axios[33m.[39mcreate({[0m

      at Object.warn (src/lib/evolution.ts:7:13)
      at Object.<anonymous> (src/__tests__/evolution.test.ts:6:20)

node.exe : FAIL 
src/__tests__/evolution.test.ts
No linha:1 caractere:1
+ & "C:\nvm4w\nodejs/node.exe" 
"C:\nvm4w\nodejs/node_modules/npm/bin/np ...
+ ~~~~~~~~~~~~~~~~~~~~~~~~~~~~~~~~~~~~~~~~~~
~~~~~~~~~~~~~~~~~~~~~~~~~~~
    + CategoryInfo          : NotSpecified: 
(    FAIL 
src/__tests__/evolution.test.ts:Stri    ng) 
[], RemoteException
    + FullyQualifiedErrorId : 
NativeCommandEr    ror
 
  Evolution API Wrapper
    ├ù sendMessage calls API with correct 
parameters (3 ms)
    ├ù sendMessage throws error if API 
fails (7 ms)

  ÔùÅ Evolution API Wrapper ÔÇ║ sendMessage 
calls API with correct parameters

    TypeError: Cannot read properties of 
undefined (reading 'post')

    [0m [90m 24 |[39m     
sendMessage[33m:[39m [36masync[39m 
(number[33m:[39m string[33m,[39m 
text[33m:[39m string[33m,[39m 
instanceName[33m:[39m string [33m=[39m 
[32m'default'[39m) [33m=>[39m {
     [90m 25 |[39m         [36mtry[39m {
    [31m[1m>[22m[39m[90m 26 |[39m     
        [36mconst[39m response 
[33m=[39m [36mawait[39m api[33m.[39mpo
st([32m`/message/sendText/${instanceName}`
[39m[33m,[39m {
     [90m    |[39m                        
                [31m[1m^[22m[39m
     [90m 27 |[39m                 
number[33m,[39m
     [90m 28 |[39m                 
options[33m:[39m {
     [90m 29 |[39m                     
delay[33m:[39m 
[35m1200[39m[33m,[39m[0m

      at Object.post [as sendMessage] 
(src/lib/evolution.ts:26:40)
      at Object.sendMessage 
(src/__tests__/evolution.test.ts:24:25)

  ÔùÅ Evolution API Wrapper ÔÇ║ sendMessage 
throws error if API fails

    
expect(received).rejects.toThrow(expected)

    Expected substring: "API Down"
    Received message:   "Cannot read 
properties of undefined (reading 'post')"

        [0m [90m 24 |[39m     
sendMessage[33m:[39m [36masync[39m 
(number[33m:[39m string[33m,[39m 
text[33m:[39m string[33m,[39m 
instanceName[33m:[39m string [33m=[39m 
[32m'default'[39m) [33m=>[39m {
         [90m 25 |[39m         
[36mtry[39m {
        [31m[1m>[22m[39m[90m 26 |[39m 
            [36mconst[39m response 
[33m=[39m [36mawait[39m api[33m.[39mpo
st([32m`/message/sendText/${instanceName}`
[39m[33m,[39m {
         [90m    |[39m                    
                    [31m[1m^[22m[39m
         [90m 27 |[39m                 
number[33m,[39m
         [90m 28 |[39m                 
options[33m:[39m {
         [90m 29 |[39m                    
 delay[33m:[39m 
[35m1200[39m[33m,[39m[0m

      at Object.post [as sendMessage] 
(src/lib/evolution.ts:26:40)
      at Object.sendMessage 
(src/__tests__/evolution.test.ts:39:32)
      at Object.toThrow 
(node_modules/expect/build/index.js:2155:20)
      at Object.toThrow 
(src/__tests__/evolution.test.ts:39:68)

Test Suites: 1 failed, 1 total
Tests:       2 failed, 2 total
Snapshots:   0 total
Time:        1.217 s
Ran all test suites matching 
src/__tests__/evolution.test.ts.
